// Jest Snapshot v1, https://goo.gl/fbAQLP

exports[`App Component: Calculator Verify Component is correctly rendered. 1`] = `
<section
  className="calculator-section"
>
  <h2
    className="section-title"
  >
    Let's do some math
  </h2>
  <div
    className="calculator-content"
  >
    <div
      className="calculator"
    >
      <div
        className="calculator-display"
      >
        <div
          className="display-value"
        >
          0
        </div>
      </div>
      <div
        className="calculator-keypad"
      >
        <button
          className="keypad-button undefined || ''"
          onClick={[Function]}
          type="button"
          value="AC"
        >
          AC
        </button>
        <button
          className="keypad-button undefined || ''"
          onClick={[Function]}
          type="button"
          value="+/-"
        >
          +/-
        </button>
        <button
          className="keypad-button undefined || ''"
          onClick={[Function]}
          type="button"
          value="%"
        >
          %
        </button>
        <button
          className="keypad-button bg-orange || ''"
          onClick={[Function]}
          type="button"
          value="รท"
        >
          รท
        </button>
        <button
          className="keypad-button undefined || ''"
          onClick={[Function]}
          type="button"
          value="7"
        >
          7
        </button>
        <button
          className="keypad-button undefined || ''"
          onClick={[Function]}
          type="button"
          value="8"
        >
          8
        </button>
        <button
          className="keypad-button undefined || ''"
          onClick={[Function]}
          type="button"
          value="9"
        >
          9
        </button>
        <button
          className="keypad-button bg-orange || ''"
          onClick={[Function]}
          type="button"
          value="x"
        >
          x
        </button>
        <button
          className="keypad-button undefined || ''"
          onClick={[Function]}
          type="button"
          value="4"
        >
          4
        </button>
        <button
          className="keypad-button undefined || ''"
          onClick={[Function]}
          type="button"
          value="5"
        >
          5
        </button>
        <button
          className="keypad-button undefined || ''"
          onClick={[Function]}
          type="button"
          value="6"
        >
          6
        </button>
        <button
          className="keypad-button bg-orange || ''"
          onClick={[Function]}
          type="button"
          value="-"
        >
          -
        </button>
        <button
          className="keypad-button undefined || ''"
          onClick={[Function]}
          type="button"
          value="1"
        >
          1
        </button>
        <button
          className="keypad-button undefined || ''"
          onClick={[Function]}
          type="button"
          value="2"
        >
          2
        </button>
        <button
          className="keypad-button undefined || ''"
          onClick={[Function]}
          type="button"
          value="3"
        >
          3
        </button>
        <button
          className="keypad-button bg-orange || ''"
          onClick={[Function]}
          type="button"
          value="+"
        >
          +
        </button>
        <button
          className="keypad-button span-2-col || ''"
          onClick={[Function]}
          type="button"
          value="0"
        >
          0
        </button>
        <button
          className="keypad-button undefined || ''"
          onClick={[Function]}
          type="button"
          value="."
        >
          .
        </button>
        <button
          className="keypad-button bg-orange || ''"
          onClick={[Function]}
          type="button"
          value="="
        >
          =
        </button>
      </div>
    </div>
  </div>
</section>
`;

exports[`App Component: Calculator renders page correctly 1`] = `
<section
  className="calculator-section"
>
  <h2
    className="section-title"
  >
    Let's do some math
  </h2>
  <div
    className="calculator-content"
  >
    <div
      className="calculator"
    >
      <div
        className="calculator-display"
      >
        <div
          className="display-value"
        >
          0
        </div>
      </div>
      <div
        className="calculator-keypad"
      >
        <button
          className="keypad-button undefined || ''"
          onClick={[Function]}
          type="button"
          value="AC"
        >
          AC
        </button>
        <button
          className="keypad-button undefined || ''"
          onClick={[Function]}
          type="button"
          value="+/-"
        >
          +/-
        </button>
        <button
          className="keypad-button undefined || ''"
          onClick={[Function]}
          type="button"
          value="%"
        >
          %
        </button>
        <button
          className="keypad-button bg-orange || ''"
          onClick={[Function]}
          type="button"
          value="รท"
        >
          รท
        </button>
        <button
          className="keypad-button undefined || ''"
          onClick={[Function]}
          type="button"
          value="7"
        >
          7
        </button>
        <button
          className="keypad-button undefined || ''"
          onClick={[Function]}
          type="button"
          value="8"
        >
          8
        </button>
        <button
          className="keypad-button undefined || ''"
          onClick={[Function]}
          type="button"
          value="9"
        >
          9
        </button>
        <button
          className="keypad-button bg-orange || ''"
          onClick={[Function]}
          type="button"
          value="x"
        >
          x
        </button>
        <button
          className="keypad-button undefined || ''"
          onClick={[Function]}
          type="button"
          value="4"
        >
          4
        </button>
        <button
          className="keypad-button undefined || ''"
          onClick={[Function]}
          type="button"
          value="5"
        >
          5
        </button>
        <button
          className="keypad-button undefined || ''"
          onClick={[Function]}
          type="button"
          value="6"
        >
          6
        </button>
        <button
          className="keypad-button bg-orange || ''"
          onClick={[Function]}
          type="button"
          value="-"
        >
          -
        </button>
        <button
          className="keypad-button undefined || ''"
          onClick={[Function]}
          type="button"
          value="1"
        >
          1
        </button>
        <button
          className="keypad-button undefined || ''"
          onClick={[Function]}
          type="button"
          value="2"
        >
          2
        </button>
        <button
          className="keypad-button undefined || ''"
          onClick={[Function]}
          type="button"
          value="3"
        >
          3
        </button>
        <button
          className="keypad-button bg-orange || ''"
          onClick={[Function]}
          type="button"
          value="+"
        >
          +
        </button>
        <button
          className="keypad-button span-2-col || ''"
          onClick={[Function]}
          type="button"
          value="0"
        >
          0
        </button>
        <button
          className="keypad-button undefined || ''"
          onClick={[Function]}
          type="button"
          value="."
        >
          .
        </button>
        <button
          className="keypad-button bg-orange || ''"
          onClick={[Function]}
          type="button"
          value="="
        >
          =
        </button>
      </div>
    </div>
  </div>
</section>
`;
