// Jest Snapshot v1, https://goo.gl/fbAQLP

exports[`App Component: Quote Verify Component is correctly rendered. 1`] = `
<section
  className="quote-section"
>
  <div
    className="line"
  />
  <blockquote>
    <p
      className="quote"
    >
      Mathematics is not about numbers, equations, computations, or algorithms: it is about understanding.
    </p>
    <cite
      className="author"
    >
      - William Paul Thurston
    </cite>
  </blockquote>
</section>
`;
